number of k/v pairs: 566
number of messages: 15
first message: [("8", "FIX.4.4"); ("9", "399"); ("35", "8"); ("34", "595");
  ("49", "QA_ORDER_GB"); ("56", "QA_00000648_0");
  ("52", "20220912-07:00:24.674988"); ("150", "0"); ("39", "0");
  ("37", "2575671"); ("17", "ZND257567229CQBLL2wO-1");
  ("11", "Tcq.0000.VAS_3e16sWJ"); ("453", "3"); ("448", "934");
  ("452", "122"); ("447", "P"); ("2376", "24"); ("448", "1"); ("452", "3");
  ("447", "P"); ("448", "123"); ("452", "12"); ("447", "P"); ("2376", "22");
  ("581", "3"); ("528", "P"); ("18", "M"); ("9020", "1");
  ("9952", "Rpb_two_simple_valid_co_orders_f"); ("1724", "0"); ("54", "1");
  ("6", "0"); ("14", "0"); ("151", "46"); ("38", "46"); ("40", "P");
  ("59", "0"); ("15", "CHF"); ("207", "XSWX"); ("55", "CH0030170408");
  ("60", "20220912-07:00:24.674998"); ("10", "156")]
number of messages (long): 15000
